// Jest Snapshot v1, https://goo.gl/fbAQLP

exports[`<GridImage /> should render with background 1`] = `
.c3 {
  color: #0A1128;
  font-size: 6.4rem;
  text-transform: uppercase;
}

.c1 {
  max-width: 120rem;
  margin: 0 auto;
  padding: 3.2rem;
  width: 100%;
}

.c0 {
  background: #FFFFFF;
  color: #0A1128;
  min-height: 100vh;
  display: -webkit-box;
  display: -webkit-flex;
  display: -ms-flexbox;
  display: flex;
  -webkit-align-items: center;
  -webkit-box-align: center;
  -ms-flex-align: center;
  align-items: center;
}

.c5 {
  font-size: 2.4rem;
}

.c2 > .c4 {
  margin-bottom: 6.4rem;
}

.c6 {
  display: grid;
  grid-template-columns: repeat(auto-fill,minmax(280px,1fr));
  gap: 3.2rem;
}

.c7 {
  overflow: hidden;
}

.c8 {
  width: 100%;
  -webkit-transition: all 300ms ease-in-out;
  transition: all 300ms ease-in-out;
}

.c8:hover {
  -webkit-transform: scale(1.2) rotate(10deg);
  -ms-transform: scale(1.2) rotate(10deg);
  transform: scale(1.2) rotate(10deg);
}

@media (max-width:768px) {
  .c3 {
    font-size: 4.0rem;
  }
}

@media (max-width:768px) {
  .c6 {
    grid-template-columns: 1fr;
  }
}

<div>
  <div
    class="c0"
    id=""
  >
    <div
      class="c1"
    >
      <div
        class="c2"
      >
        <h2
          class="c3"
        >
          My grid
        </h2>
        <div
          class="c4 c5"
        >
          Atque doloribus nobis laudantium esse ut, non commodi maxime distinctio veritatis unde
        </div>
        <div
          class="c6"
        >
          <div
            class="c7"
          >
            <img
              alt="Teste 1"
              class="c8"
              src="https://images.unsplash.com/photo-1724182558344-f368493aa8b9?crop=entropy&cs=tinysrgb&fit=max&fm=jpg&ixid=M3w2NDgwMzd8MHwxfHJhbmRvbXx8fHx8fHx8fDE3MjQ4Nzc4Mzl8&ixlib=rb-4.0.3&q=80&w=1080"
            />
          </div>
          <div
            class="c7"
          >
            <img
              alt="Teste 2"
              class="c8"
              src="https://images.unsplash.com/photo-1723033868374-461843154f41?crop=entropy&cs=tinysrgb&fit=max&fm=jpg&ixid=M3w2NDgwMzd8MHwxfHJhbmRvbXx8fHx8fHx8fDE3MjQ4NzgwMTV8&ixlib=rb-4.0.3&q=80&w=1080"
            />
          </div>
          <div
            class="c7"
          >
            <img
              alt="Teste 3"
              class="c8"
              src="https://images.unsplash.com/photo-1722842656953-402a77d54241?crop=entropy&cs=tinysrgb&fit=max&fm=jpg&ixid=M3w2NDgwMzd8MHwxfHJhbmRvbXx8fHx8fHx8fDE3MjQ4Nzc5NDV8&ixlib=rb-4.0.3&q=80&w=1080"
            />
          </div>
          <div
            class="c7"
          >
            <img
              alt="Teste 4"
              class="c8"
              src="https://images.unsplash.com/photo-1723902499824-13f225769ebf?crop=entropy&cs=tinysrgb&fit=max&fm=jpg&ixid=M3w2NDgwMzd8MHwxfHJhbmRvbXx8fHx8fHx8fDE3MjQ4NzgxMjZ8&ixlib=rb-4.0.3&q=80&w=1080"
            />
          </div>
          <div
            class="c7"
          >
            <img
              alt="Teste 5"
              class="c8"
              src="https://images.unsplash.com/photo-1721846636945-9cbbb4584574?crop=entropy&cs=tinysrgb&fit=max&fm=jpg&ixid=M3w2NDgwMzd8MHwxfHJhbmRvbXx8fHx8fHx8fDE3MjQ4Nzc5Nzd8&ixlib=rb-4.0.3&q=80&w=1080"
            />
          </div>
          <div
            class="c7"
          >
            <img
              alt="Teste 6"
              class="c8"
              src="https://images.unsplash.com/photo-1721989715402-2a50ed7b7f1f?crop=entropy&cs=tinysrgb&fit=max&fm=jpg&ixid=M3w2NDgwMzd8MHwxfHJhbmRvbXx8fHx8fHx8fDE3MjQ4NzgxMDh8&ixlib=rb-4.0.3&q=80&w=1080"
            />
          </div>
        </div>
      </div>
    </div>
  </div>
</div>
`;

exports[`<GridImage /> should render without background 1`] = `
.c3 {
  color: #0A1128;
  font-size: 6.4rem;
  text-transform: uppercase;
}

.c1 {
  max-width: 120rem;
  margin: 0 auto;
  padding: 3.2rem;
  width: 100%;
}

.c0 {
  background: #FFFFFF;
  color: #0A1128;
  min-height: 100vh;
  display: -webkit-box;
  display: -webkit-flex;
  display: -ms-flexbox;
  display: flex;
  -webkit-align-items: center;
  -webkit-box-align: center;
  -ms-flex-align: center;
  align-items: center;
}

.c5 {
  font-size: 2.4rem;
}

.c2 > .c4 {
  margin-bottom: 6.4rem;
}

.c6 {
  display: grid;
  grid-template-columns: repeat(auto-fill,minmax(280px,1fr));
  gap: 3.2rem;
}

.c7 {
  overflow: hidden;
}

.c8 {
  width: 100%;
  -webkit-transition: all 300ms ease-in-out;
  transition: all 300ms ease-in-out;
}

.c8:hover {
  -webkit-transform: scale(1.2) rotate(10deg);
  -ms-transform: scale(1.2) rotate(10deg);
  transform: scale(1.2) rotate(10deg);
}

@media (max-width:768px) {
  .c3 {
    font-size: 4.0rem;
  }
}

@media (max-width:768px) {
  .c6 {
    grid-template-columns: 1fr;
  }
}

<div>
  <div
    class="c0"
    id=""
  >
    <div
      class="c1"
    >
      <div
        class="c2"
      >
        <h2
          class="c3"
        >
          My grid
        </h2>
        <div
          class="c4 c5"
        >
          Atque doloribus nobis laudantium esse ut, non commodi maxime distinctio veritatis unde
        </div>
        <div
          class="c6"
        >
          <div
            class="c7"
          >
            <img
              alt="Teste 1"
              class="c8"
              src="https://images.unsplash.com/photo-1724182558344-f368493aa8b9?crop=entropy&cs=tinysrgb&fit=max&fm=jpg&ixid=M3w2NDgwMzd8MHwxfHJhbmRvbXx8fHx8fHx8fDE3MjQ4Nzc4Mzl8&ixlib=rb-4.0.3&q=80&w=1080"
            />
          </div>
          <div
            class="c7"
          >
            <img
              alt="Teste 2"
              class="c8"
              src="https://images.unsplash.com/photo-1723033868374-461843154f41?crop=entropy&cs=tinysrgb&fit=max&fm=jpg&ixid=M3w2NDgwMzd8MHwxfHJhbmRvbXx8fHx8fHx8fDE3MjQ4NzgwMTV8&ixlib=rb-4.0.3&q=80&w=1080"
            />
          </div>
          <div
            class="c7"
          >
            <img
              alt="Teste 3"
              class="c8"
              src="https://images.unsplash.com/photo-1722842656953-402a77d54241?crop=entropy&cs=tinysrgb&fit=max&fm=jpg&ixid=M3w2NDgwMzd8MHwxfHJhbmRvbXx8fHx8fHx8fDE3MjQ4Nzc5NDV8&ixlib=rb-4.0.3&q=80&w=1080"
            />
          </div>
          <div
            class="c7"
          >
            <img
              alt="Teste 4"
              class="c8"
              src="https://images.unsplash.com/photo-1723902499824-13f225769ebf?crop=entropy&cs=tinysrgb&fit=max&fm=jpg&ixid=M3w2NDgwMzd8MHwxfHJhbmRvbXx8fHx8fHx8fDE3MjQ4NzgxMjZ8&ixlib=rb-4.0.3&q=80&w=1080"
            />
          </div>
          <div
            class="c7"
          >
            <img
              alt="Teste 5"
              class="c8"
              src="https://images.unsplash.com/photo-1721846636945-9cbbb4584574?crop=entropy&cs=tinysrgb&fit=max&fm=jpg&ixid=M3w2NDgwMzd8MHwxfHJhbmRvbXx8fHx8fHx8fDE3MjQ4Nzc5Nzd8&ixlib=rb-4.0.3&q=80&w=1080"
            />
          </div>
          <div
            class="c7"
          >
            <img
              alt="Teste 6"
              class="c8"
              src="https://images.unsplash.com/photo-1721989715402-2a50ed7b7f1f?crop=entropy&cs=tinysrgb&fit=max&fm=jpg&ixid=M3w2NDgwMzd8MHwxfHJhbmRvbXx8fHx8fHx8fDE3MjQ4NzgxMDh8&ixlib=rb-4.0.3&q=80&w=1080"
            />
          </div>
        </div>
      </div>
    </div>
  </div>
</div>
`;
